01-01 03:13:50.534   243   243 I auditd  : avc:  denied  { find } for interface=android.hardware.configstore::ISurfaceFlingerConfigs sid=u:r:hal_graphics_composer_default:s0 pid=279 scontext=u:r:hal_graphics_composer_default:s0 tcontext=u:object_r:hal_configstore_ISurfaceFlingerConfigs:s0 tclass=hwservice_manager permissive=0
01-01 03:13:52.699   429   429 I auditd  : type=1400 audit(0.0:5): avc: denied { entrypoint } for comm="vold" path="/vendor/bin/fsck.f2fs" dev="dm-1" ino=79 scontext=u:r:fsck:s0 tcontext=u:object_r:fsmgr_exec:s0 tclass=file permissive=0
01-01 03:14:00.739   695   695 I auditd  : type=1400 audit(0.0:8): avc: denied { write } for comm="mknod" name="block" dev="tmpfs" ino=9552 scontext=u:r:systoold:s0 tcontext=u:object_r:block_device:s0 tclass=dir permissive=1
01-01 03:14:00.749   695   695 I auditd  : type=1400 audit(0.0:9): avc: denied { add_name } for comm="mknod" name="loop8" scontext=u:r:systoold:s0 tcontext=u:object_r:block_device:s0 tclass=dir permissive=1
01-01 03:14:00.749   695   695 I auditd  : type=1400 audit(0.0:10): avc: denied { create } for comm="mknod" name="loop8" scontext=u:r:systoold:s0 tcontext=u:object_r:block_device:s0 tclass=blk_file permissive=1
01-01 03:14:00.769   699   699 I auditd  : type=1400 audit(0.0:11): avc: denied { read write } for comm="losetup" name="loop8" dev="tmpfs" ino=14533 scontext=u:r:systoold:s0 tcontext=u:object_r:block_device:s0 tclass=blk_file permissive=1
01-01 03:14:00.769   699   699 I auditd  : type=1400 audit(0.0:12): avc: denied { open } for comm="losetup" path="/dev/block/loop8" dev="tmpfs" ino=14533 scontext=u:r:systoold:s0 tcontext=u:object_r:block_device:s0 tclass=blk_file permissive=1
01-01 03:14:00.779   699   699 I auditd  : type=1400 audit(0.0:13): avc: denied { ioctl } for comm="losetup" path="/dev/block/loop8" dev="tmpfs" ino=14533 ioctlcmd=4c05 scontext=u:r:systoold:s0 tcontext=u:object_r:block_device:s0 tclass=blk_file permissive=1
01-01 03:14:01.589   760   760 I auditd  : type=1400 audit(0.0:14): avc: denied { write } for comm="rm" name="tmp" dev="dm-2" ino=48 scontext=u:r:systoold:s0 tcontext=u:object_r:shell_data_file:s0 tclass=dir permissive=1
01-01 03:14:01.649   760   760 I auditd  : type=1400 audit(0.0:15): avc: denied { getattr } for comm="rm" path="/data/local/tmp/dalvik-cache/arm/system@framework@boot.oat" dev="dm-2" ino=10745 scontext=u:r:systoold:s0 tcontext=u:object_r:shell_data_file:s0 tclass=lnk_file permissive=1
01-01 03:14:01.649   760   760 I auditd  : type=1400 audit(0.0:16): avc: denied { read } for comm="rm" name="system@framework@boot.oat" dev="dm-2" ino=10745 scontext=u:r:systoold:s0 tcontext=u:object_r:shell_data_file:s0 tclass=lnk_file permissive=1
01-01 03:14:01.649   760   760 I auditd  : type=1400 audit(0.0:17): avc: denied { remove_name } for comm="rm" name="system@framework@boot.oat" dev="dm-2" ino=10745 scontext=u:r:systoold:s0 tcontext=u:object_r:shell_data_file:s0 tclass=dir permissive=1
01-01 03:14:01.649   760   760 I auditd  : type=1400 audit(0.0:18): avc: denied { unlink } for comm="rm" name="system@framework@boot.oat" dev="dm-2" ino=10745 scontext=u:r:systoold:s0 tcontext=u:object_r:shell_data_file:s0 tclass=lnk_file permissive=1
01-01 03:14:01.659   760   760 I auditd  : type=1400 audit(0.0:19): avc: denied { unlink } for comm="rm" name="system@framework@boot.art" dev="dm-2" ino=10807 scontext=u:r:systoold:s0 tcontext=u:object_r:shell_data_file:s0 tclass=file permissive=1
01-01 03:14:01.669   760   760 I auditd  : type=1400 audit(0.0:20): avc: denied { rmdir } for comm="rm" name="arm" dev="dm-2" ino=10740 scontext=u:r:systoold:s0 tcontext=u:object_r:shell_data_file:s0 tclass=dir permissive=1
01-01 03:14:07.384   669   683 I am_wtf  : [0,669,system_server,-1,PackageManager,Signature|privileged permissions not in privapp-permissions whitelist: {com.zebra.sdl: android.permission.MOUNT_UNMOUNT_FILESYSTEMS, com.pax.CustomerRes: android.permission.MOUNT_UNMOUNT_FILESYSTEMS, com.zebra.sdl: android.permission.LOCAL_MAC_ADDRESS, com.pax.CustomerRes: android.permission.SET_TIME_ZONE}]
01-01 03:14:08.529   287   287 I auditd  : type=1400 audit(0.0:21): avc: denied { search } for comm="android.hardwar" name="/" dev="mmcblk0p1" ino=2 scontext=u:r:hal_wifi_default:s0 tcontext=u:object_r:prod_file:s0 tclass=dir permissive=0
01-01 03:14:16.239  1228  1228 I auditd  : type=1400 audit(0.0:22): avc: denied { ioctl } for comm="droid.osmanager" path="/data/resource/internal/packages_hash.db" dev="dm-2" ino=1565 ioctlcmd=f50c scontext=u:r:system_app:s0 tcontext=u:object_r:paxdroid_share_file:s0 tclass=file permissive=0
05-18 09:34:00.995  1471  1471 I auditd  : type=1400 audit(0.0:23): avc: denied { ioctl } for comm="dhcp6c" path="socket:[20023]" dev="sockfs" ino=20023 ioctlcmd=8927 scontext=u:r:dhcp6c:s0 tcontext=u:r:dhcp6c:s0 tclass=udp_socket permissive=0
05-18 09:34:00.995  1471  1471 I auditd  : type=1400 audit(0.0:35): avc: denied { ioctl } for comm="dhcp6c" path="socket:[20023]" dev="sockfs" ino=20023 ioctlcmd=8927 scontext=u:r:dhcp6c:s0 tcontext=u:r:dhcp6c:s0 tclass=udp_socket permissive=0
05-18 09:34:01.940   669  1291 I am_broadcast_discard_app: [0,124143975,paydroid.intent.action.BOOT_COMPLETED,1,ResolveInfo{eb86bf9 com.pax.ft/.ui.BootBroadcastReceiver m=0x108000}]
05-18 09:34:02.445   463   463 I auditd  : type=1400 audit(0.0:36): avc: denied { read } for comm="C3Dev-2-ReqQueu" name="libbase.so" dev="dm-1" ino=684 scontext=u:r:cameraserver:s0 tcontext=u:object_r:vendor_file:s0 tclass=file permissive=0
05-18 09:34:02.455   463   463 I auditd  : type=1400 audit(0.0:37): avc: denied { read } for comm="C3Dev-2-ReqQueu" name="libhidlbase.so" dev="dm-1" ino=725 scontext=u:r:cameraserver:s0 tcontext=u:object_r:vendor_file:s0 tclass=file permissive=0
05-18 09:34:02.455   463   463 I auditd  : type=1400 audit(0.0:38): avc: denied { read } for comm="C3Dev-2-ReqQueu" name="libhidltransport.so" dev="dm-1" ino=727 scontext=u:r:cameraserver:s0 tcontext=u:object_r:vendor_file:s0 tclass=file permissive=0
05-18 09:34:02.565   458   458 I auditd  : type=1400 audit(0.0:39): avc: denied { read } for comm="Binder:458_1" name="exe" dev="proc" ino=20191 scontext=u:r:systoold:s0 tcontext=u:r:system_server:s0 tclass=lnk_file permissive=1
05-18 09:34:04.075   458   458 I auditd  : type=1400 audit(0.0:40): avc: denied { read } for comm="systool_server" name="exe" dev="proc" ino=20191 scontext=u:r:systoold:s0 tcontext=u:r:system_server:s0 tclass=lnk_file permissive=1
05-18 09:34:07.930   669  1291 I am_broadcast_discard_app: [0,178465062,android.intent.action.BOOT_COMPLETED,12,ResolveInfo{4e66235 com.pax.ft/.ui.BootBroadcastReceiver m=0x108000}]
05-18 09:34:21.241   669  1264 I am_broadcast_discard_app: [0,209208317,paydroid.intent.action.PREINSTALL_APK_BOOT_COMPLETED,0,ResolveInfo{69a38f2 com.pax.ft/.ui.BootBroadcastReceiver m=0x108000}]
05-18 09:34:44.905   242   242 I auditd  : avc:  denied  { find } for service=meminfo pid=2211 uid=0 scontext=u:r:systoold:s0 tcontext=u:object_r:meminfo_service:s0 tclass=service_manager permissive=1
05-18 09:35:33.238   881   881 I sysui_action: [289,ComponentInfo{com.beytullahmarasli.paxwirelesslog/com.beytullahmarasli.paxwirelesslog.MainActivity}]
05-18 09:35:33.238   881   881 I sysui_multi_action: [757,289,758,4,806,ComponentInfo{com.beytullahmarasli.paxwirelesslog/com.beytullahmarasli.paxwirelesslog.MainActivity}]
05-18 09:35:34.605   881   881 I sysui_action: [289,ComponentInfo{com.pax.samplesalea/com.pax.samplesalea.ResultActivity}]
05-18 09:35:34.605   881   881 I sysui_multi_action: [757,289,758,4,806,ComponentInfo{com.pax.samplesalea/com.pax.samplesalea.ResultActivity}]
05-18 09:35:58.030   458   458 I auditd  : type=1400 audit(0.0:41): avc: denied { read } for comm="systool_server" name="exe" dev="proc" ino=20191 scontext=u:r:systoold:s0 tcontext=u:r:system_server:s0 tclass=lnk_file permissive=1
05-18 10:36:17.560   486   486 I auditd  : type=1400 audit(0.0:42): avc: denied { write } for comm="libgps_daemon" name="property_service" dev="tmpfs" ino=5198 scontext=u:r:hal_gnss_ext_default:s0 tcontext=u:object_r:property_socket:s0 tclass=sock_file permissive=0
05-18 10:36:42.230   473   473 I auditd  : type=1400 audit(0.0:43): avc: denied { read } for comm="CodecLooper" name="libbase.so" dev="dm-1" ino=684 scontext=u:r:mediaserver:s0 tcontext=u:object_r:vendor_file:s0 tclass=file permissive=0
05-18 10:36:42.240   473   473 I auditd  : type=1400 audit(0.0:44): avc: denied { read } for comm="CodecLooper" name="libhidlbase.so" dev="dm-1" ino=725 scontext=u:r:mediaserver:s0 tcontext=u:object_r:vendor_file:s0 tclass=file permissive=0
05-18 10:36:42.240   473   473 I auditd  : type=1400 audit(0.0:45): avc: denied { read } for comm="CodecLooper" name="libhidltransport.so" dev="dm-1" ino=727 scontext=u:r:mediaserver:s0 tcontext=u:object_r:vendor_file:s0 tclass=file permissive=0
05-18 10:38:51.967   881   881 I sysui_action: [289,ComponentInfo{com.pax.samplesalea/com.pax.samplesalea.SaleActivity}]
05-18 10:38:51.967   881   881 I sysui_multi_action: [757,289,758,4,806,ComponentInfo{com.pax.samplesalea/com.pax.samplesalea.SaleActivity}]
05-18 10:38:52.584   881   881 I sysui_action: [289,ComponentInfo{com.android.settings/com.android.settings.Settings}]
05-18 10:38:52.584   881   881 I sysui_multi_action: [757,289,758,4,806,ComponentInfo{com.android.settings/com.android.settings.Settings}]
05-18 12:10:45.304   881   881 I sysui_action: [289,ComponentInfo{com.pax.samplesalea/com.pax.samplesalea.SaleActivity}]
05-18 12:10:45.304   881   881 I sysui_multi_action: [757,289,758,4,806,ComponentInfo{com.pax.samplesalea/com.pax.samplesalea.SaleActivity}]
05-18 12:12:44.080   881   881 I sysui_action: [289,ComponentInfo{com.pax.samplesalea/com.pax.samplesalea.SaleActivity}]
05-18 12:12:44.080   881   881 I sysui_multi_action: [757,289,758,4,806,ComponentInfo{com.pax.samplesalea/com.pax.samplesalea.SaleActivity}]
05-18 13:10:02.059   881   881 I sysui_action: [289,ComponentInfo{com.pax.samplesalea/com.pax.samplesalea.SaleActivity}]
05-18 13:10:02.059   881   881 I sysui_multi_action: [757,289,758,4,806,ComponentInfo{com.pax.samplesalea/com.pax.samplesalea.SaleActivity}]
05-18 13:14:40.509   881   881 I sysui_action: [289,ComponentInfo{com.pax.mainapp/com.pax.mainapp.ManagerActivity}]
05-18 13:14:40.510   881   881 I sysui_multi_action: [757,289,758,4,806,ComponentInfo{com.pax.mainapp/com.pax.mainapp.ManagerActivity}]
05-18 13:14:41.744   881   881 I sysui_action: [289,ComponentInfo{com.pax.samplesalea/com.pax.samplesalea.SaleActivity}]
05-18 13:14:41.744   881   881 I sysui_multi_action: [757,289,758,4,806,ComponentInfo{com.pax.samplesalea/com.pax.samplesalea.SaleActivity}]
05-18 13:14:59.640   458   458 I auditd  : type=1400 audit(0.0:46): avc: denied { read } for comm="Binder:458_2" name="exe" dev="proc" ino=94963 scontext=u:r:systoold:s0 tcontext=u:r:system_server:s0 tclass=lnk_file permissive=1
05-18 13:15:04.390   458   458 I auditd  : type=1400 audit(0.0:47): avc: denied { read } for comm="Binder:458_2" name="exe" dev="proc" ino=94963 scontext=u:r:systoold:s0 tcontext=u:r:system_server:s0 tclass=lnk_file permissive=1
05-18 13:46:00.720   458   458 I auditd  : type=1400 audit(0.0:48): avc: denied { read } for comm="Binder:458_2" name="exe" dev="proc" ino=94963 scontext=u:r:systoold:s0 tcontext=u:r:system_server:s0 tclass=lnk_file permissive=1
05-18 13:46:06.300   486   486 I auditd  : type=1400 audit(0.0:49): avc: denied { write } for comm="libgps_daemon" name="property_service" dev="tmpfs" ino=5198 scontext=u:r:hal_gnss_ext_default:s0 tcontext=u:object_r:property_socket:s0 tclass=sock_file permissive=0
05-18 13:46:17.230   458   458 I auditd  : type=1400 audit(0.0:50): avc: denied { read } for comm="Binder:458_2" name="exe" dev="proc" ino=94963 scontext=u:r:systoold:s0 tcontext=u:r:system_server:s0 tclass=lnk_file permissive=1
05-18 13:52:43.311   853   935 D RILJ    : [3754]< OPERATOR {TURKCELL, TURKCELL, 28601} [SUB0]
05-18 13:52:43.312   853   935 D RilRequest: [3758]< OPERATOR error: com.android.internal.telephony.CommandException: RADIO_NOT_AVAILABLE ret={, , }
05-18 13:52:43.314   853   935 D RILJ    : [3755]< DATA_REGISTRATION_STATE {.regState = NOT_REG_MT_NOT_SEARCHING_OP_EM, .rat = 11, .reasonDataDenied = -1, .maxDataCalls = 3, .cellIdentity = {.cellInfoType = WCDMA, .cellIdentityGsm = [], .cellIdentityWcdma = [{.mcc = -1, .mnc = -1, .lac = 257, .cid = 157436644, .psc = -1, .uarfcn = -1}], .cellIdentityCdma = [], .cellIdentityLte = [], .cellIdentityTdscdma = []}} [SUB0]
05-18 13:52:43.315   853   935 D RilRequest: [3759]< DATA_REGISTRATION_STATE error: com.android.internal.telephony.CommandException: RADIO_NOT_AVAILABLE ret={.regState = NOT_REG_MT_NOT_SEARCHING_OP, .rat = 0, .reasonDataDenied = 0, .maxDataCalls = 0, .cellIdentity = {.cellInfoType = NONE, .cellIdentityGsm = [], .cellIdentityWcdma = [], .cellIdentityCdma = [], .cellIdentityLte = [], .cellIdentityTdscdma = []}}
05-18 13:52:43.316   853   935 D RILJ    : [3756]< VOICE_REGISTRATION_STATE {.regState = NOT_REG_MT_NOT_SEARCHING_OP_EM, .rat = 11, .cssSupported = false, .roamingIndicator = -1, .systemIsInPrl = 0, .defaultRoamingIndicator = 0, .reasonForDenial = 0, .cellIdentity = {.cellInfoType = WCDMA, .cellIdentityGsm = [], .cellIdentityWcdma = [{.mcc = -1, .mnc = -1, .lac = 60334, .cid = 157436644, .psc = -1, .uarfcn = -1}], .cellIdentityCdma = [], .cellIdentityLte = [], .cellIdentityTdscdma = []}} [SUB0]
05-18 13:52:43.319   853   935 D RilRequest: [3760]< VOICE_REGISTRATION_STATE error: com.android.internal.telephony.CommandException: RADIO_NOT_AVAILABLE ret={.regState = NOT_REG_MT_NOT_SEARCHING_OP, .rat = 0, .cssSupported = false, .roamingIndicator = 0, .systemIsInPrl = 0, .defaultRoamingIndicator = 0, .reasonForDenial = 0, .cellIdentity = {.cellInfoType = NONE, .cellIdentityGsm = [], .cellIdentityWcdma = [], .cellIdentityCdma = [], .cellIdentityLte = [], .cellIdentityTdscdma = []}}
05-18 13:52:43.320   853   935 D RILJ    : [3757]< QUERY_NETWORK_SELECTION_MODE {0} [SUB0]
05-18 13:52:43.321   853   935 D RILJ    : [3761]< QUERY_NETWORK_SELECTION_MODE {0} [SUB1]
05-18 13:52:43.323   853   853 D SST     : Poll ServiceState done:  oldSS=[{mVoiceRegState=1(OUT_OF_SERVICE), mDataRegState=1(OUT_OF_SERVICE), mVoiceRoamingType=home, mDataRoamingType=home, mVoiceOperatorAlphaLong=TURKCELL, mVoiceOperatorAlphaShort=TURKCELL, mDataOperatorAlphaLong=TURKCELL, mDataOperatorAlphaShort=TURKCELL, isManualNetworkSelection=false(automatic), mRilVoiceRadioTechnology=11(HSPA), mRilDataRadioTechnology=11(HSPA), mCssIndicator=unsupported, mNetworkId=-1, mSystemId=-1, mCdmaRoamingIndicator=-1, mCdmaDefaultRoamingIndicator=-1, mIsEmergencyOnly=true, mIsDataRoamingFromRegistration=false, mIsUsingCarrierAggregation=false, mLteEarfcnRsrpBoost=0}] newSS=[{mVoiceRegState=1(OUT_OF_SERVICE), mDataRegState=1(OUT_OF_SERVICE), mVoiceRoamingType=home, mDataRoamingType=home, mVoiceOperatorAlphaLong=TURKCELL, mVoiceOperatorAlphaShort=TURKCELL, mDataOperatorAlphaLong=TURKCELL, mDataOperatorAlphaShort=TURKCELL, isManualNetworkSelection=false(automatic), mRilVoiceRadioTechnology=11(HSPA), mRilDataRadioTechnology=11(HSPA), mCssIndicator=unsupported, mNetworkId=-1, mSystemId=-1, mCdmaRoamingIndicator=-1, mCdmaDefaultRoamingIndicator=-1, mIsEmergencyOnly=true, mIsDataRoamingFromRegistration=false, mIsUsingCarrierAggregation=false, mLteEarfcnRsrpBoost=0}] oldMaxDataCalls=3 mNewMaxDataCalls=3 oldReasonDataDenied=-1 mNewReasonDataDenied=-1
05-18 14:03:49.856   881   881 I sysui_action: [289,ComponentInfo{com.pax.samplesalea/com.pax.samplesalea.SaleActivity}]
05-18 14:03:49.856   881   881 I sysui_multi_action: [757,289,758,4,806,ComponentInfo{com.pax.samplesalea/com.pax.samplesalea.SaleActivity}]
05-18 14:09:42.228 12000 12023 I appium  : AppiumResponse: {"sessionId":"19c54574-913e-4b13-9974-73e6c8799d18","value":{"ELEMENT":"00000000-0000-00cc-ffff-ffff00000018","element-6066-11e4-a52e-4f735466cecf":"00000000-0000-00cc-ffff-ffff00000018"}}
05-18 14:09:42.413 12000 12023 I appium  : AppiumResponse: {"sessionId":"19c54574-913e-4b13-9974-73e6c8799d18","value":"true"}
05-18 14:09:48.373  1203  1441 W ContextImpl: Implicit intents with startService are not safe: Intent { act=com.pax.daemon.debug_status_icon } android.content.ContextWrapper.startService:662 com.pax.daemon.observer.ServerService.checkDebugStatus:1201 com.pax.daemon.observer.ServerService.-wrap1:0 
05-18 14:09:51.895   296   444 D ENGPC   : parse_event: event { 'change', '/devices/platform/battery/power_supply/battery', 'power_supply', '' }
05-18 14:09:51.897   296   444 D ENGPC   : parse_event: event { 'change', '/devices/platform/battery/power_supply/battery', 'power_supply', '' }
05-18 14:09:53.377   669   925 W ActivityManager: Force removing ActivityRecord{6c64508 u0 com.pax.samplesalea/.SaleActivity t238}: app died, no saved state
05-18 14:09:53.417   669   925 D BroadcastQueue: Add broadcast <BroadcastRecord{5ab1af u0 android.intent.action.PACKAGE_RESTARTED}> into [parallel | background], pending size 0
05-18 14:09:53.429   669   683 D BroadcastQueue: Done with parallel broadcast [background] [BroadcastRecord{5ab1af u0 android.intent.action.PACKAGE_RESTARTED}]
05-18 14:09:53.433   669   794 D WindowManager: Input focus has changed to Window{e1d0f9d u0 com.android.launcher3/com.android.launcher3.Launcher}
05-18 14:09:54.278 12000 12023 I appium  : AppiumResponse: {"sessionId":"19c54574-913e-4b13-9974-73e6c8799d18","value":{"error":"no such element","message":"An element could not be located on the page using the given search parameters","stacktrace":"io.appium.uiautomator2.common.exceptions.ElementNotFoundException: An element could not be located on the page using the given search parameters\n\tat io.appium.uiautomator2.handler.FindElement.safeHandle(FindElement.java:70)\n\tat io.appium.uiautomator2.handler.request.SafeRequestHandler.handle(SafeRequestHandler.java:59)\n\tat io.appium.uiautomator2.server.AppiumServlet.handleRequest(AppiumServlet.java:266)\n\tat io.appium.uiautomator2.server.AppiumServlet.handleHttpRequest(AppiumServlet.java:260)\n\tat io.appium.uiautomator2.http.ServerHandler.channelRead(ServerHandler.java:68)\n\tat io.netty.channel.AbstractChannelHandlerContext.invokeChannelRead(AbstractChannelHandlerContext.java:366)\n\tat io.netty.channel.AbstractChannelHandlerContext.invokeChannelRead(AbstractChannelHandlerContext.java:352)\n\tat io.netty.channel.AbstractChannelHandlerContext.fireChannelRead(AbstractChannelHandlerContext.java:345)\n\tat io.netty.handler.codec.MessageToMessageDecoder.channelRead(MessageToMessageDecoder.java:102)\n\tat io.netty.channel.AbstractChannelHandlerContext.invokeChannelRead(AbstractChannelHandlerContext.java:366)\n\tat io.netty.channel.AbstractChannelHandlerContext.invokeChannelRead(AbstractChannelHandlerContext.java:352)\n\tat io.netty.channel.AbstractChannelHandlerContext.fireChannelRead(AbstractChannelHandlerContext.java:345)\n\tat io.netty.channel.CombinedChannelDuplexHandler$DelegatingChannelHandlerContext.fireChannelRead(CombinedChannelDuplexHandler.java:435)\n\tat io.netty.handler.codec.ByteToMessageDecoder.fireChannelRead(ByteToMessageDecoder.java:293)\n\tat io.netty.handler.codec.ByteToMessageDecoder.channelRead(ByteToMessageDecoder.java:267)\n\tat io.netty.channel.CombinedChannelDuplexHandler.channelRead(CombinedChannelDuplexHandler.java:250)\n\tat io.netty.channel.AbstractChannelHandlerContext.invokeChannelRead(AbstractChannelHandlerContext.java:366)\n\tat io.netty.channel.AbstractChannelHandlerContext.invokeChannelRead(AbstractChannelHandlerContext.java:352)\n\tat io.netty.channel.AbstractChannelHandlerContext.fireChannelRead(AbstractChannelHandlerContext.java:345)\n\tat io.netty.handler.timeout.IdleStateHandler.channelRead(IdleStateHandler.java:266)\n\tat io.netty.channel.AbstractChannelHandlerContext.invokeChannelRead(AbstractChannelHandlerContext.java:366)\n\tat io.netty.channel.AbstractChannelHandlerContext.invokeChannelRead(AbstractChannelHandlerContext.java:352)\n\tat io.netty.channel.AbstractChannelHandlerContext.fireChannelRead(AbstractChannelHandlerContext.java:345)\n\tat io.netty.channel.DefaultChannelPipeline$HeadContext.channelRead(DefaultChannelPipeline.java:1294)\n\tat io.netty.channel.AbstractChannelHandlerContext.invokeChannelRead(AbstractChannelHandlerContext.java:366)\n\tat io.netty.channel.AbstractChannelHandlerContext.invokeChannelRead(AbstractChannelHandlerContext.java:352)\n\tat io.netty.channel.DefaultChannelPipeline.fireChannelRead(DefaultChannelPipeline.java:911)\n\tat io.netty.channel.nio.AbstractNioByteChannel$NioByteUnsafe.read(AbstractNioByteChannel.java:131)\n\tat io.netty.channel.nio.NioEventLoop.processSelectedKey(NioEventLoop.java:611)\n\tat io.netty.channel.nio.NioEventLoop.processSelectedKeysOptimized(NioEventLoop.java:552)\n\tat io.netty.channel.nio.NioEventLoop.processSelectedKeys(NioEventLoop.java:466)\n\tat io.netty.channel.nio.NioEventLoop.run(NioEventLoop.java:438)\n\tat io.netty.util.concurrent.SingleThreadEventExecutor$2.run(SingleThreadEventExecutor.java:140)\n\tat io.netty.util.concurrent.DefaultThreadFactory$DefaultRunnableDecorator.run(DefaultThreadFactory.java:144)\n\tat java.lang.Thread.run(Thread.java:764)\n"}}
05-18 14:10:00.000   669   800 V AlarmManager: sending alarm Alarm{6aab9cb type 3 when 16587997 android}
05-18 14:10:00.001   669   800 D BroadcastQueue: Add broadcast <BroadcastRecord{94f25a8 u-1 android.intent.action.TIME_TICK}> into [ordered | foreground], pending size 0
05-18 14:10:00.001   669   800 D BroadcastQueue: Header is BroadcastRecord{94f25a8 u-1 android.intent.action.TIME_TICK} now
05-18 14:10:00.004   669   669 V AlarmManager: set(PendingIntent{92f1e8d: PendingIntentRecord{26d2842 android broadcastIntent}}) : type=3 triggerAtTime=16647997 win=0 tElapsed=16647997 maxElapsed=16647997 interval=0 flags=0x1
05-18 14:10:00.033   669 11546 D BroadcastQueue: Finished with ordered broadcast BroadcastRecord{94f25a8 u-1 android.intent.action.TIME_TICK} receivers:(10) take 31ms in [foreground], remains 0
05-18 14:10:06.054   296   444 D ENGPC   : parse_event: event { 'change', '/devices/platform/battery/power_supply/battery', 'power_supply', '' }
05-18 14:10:06.905   296   444 D ENGPC   : parse_event: event { 'change', '/devices/platform/battery/power_supply/battery', 'power_supply', '' }
05-18 14:10:06.907   296   444 D ENGPC   : parse_event: event { 'change', '/devices/platform/battery/power_supply/battery', 'power_supply', '' }
05-18 14:10:06.912   669   669 D BroadcastQueue: Add broadcast <BroadcastRecord{c1c68c1 u-1 android.intent.action.BATTERY_CHANGED}> into [parallel | background], pending size 0
05-18 14:10:06.918   669   683 D BroadcastQueue: Done with parallel broadcast [background] [BroadcastRecord{c1c68c1 u-1 android.intent.action.BATTERY_CHANGED}]
05-18 14:10:12.997 12000 12023 I appium  : AppiumResponse: {"sessionId":"19c54574-913e-4b13-9974-73e6c8799d18","value":{"error":"no such element","message":"An element could not be located on the page using the given search parameters","stacktrace":"io.appium.uiautomator2.common.exceptions.ElementNotFoundException: An element could not be located on the page using the given search parameters\n\tat io.appium.uiautomator2.handler.FindElement.safeHandle(FindElement.java:70)\n\tat io.appium.uiautomator2.handler.request.SafeRequestHandler.handle(SafeRequestHandler.java:59)\n\tat io.appium.uiautomator2.server.AppiumServlet.handleRequest(AppiumServlet.java:266)\n\tat io.appium.uiautomator2.server.AppiumServlet.handleHttpRequest(AppiumServlet.java:260)\n\tat io.appium.uiautomator2.http.ServerHandler.channelRead(ServerHandler.java:68)\n\tat io.netty.channel.AbstractChannelHandlerContext.invokeChannelRead(AbstractChannelHandlerContext.java:366)\n\tat io.netty.channel.AbstractChannelHandlerContext.invokeChannelRead(AbstractChannelHandlerContext.java:352)\n\tat io.netty.channel.AbstractChannelHandlerContext.fireChannelRead(AbstractChannelHandlerContext.java:345)\n\tat io.netty.handler.codec.MessageToMessageDecoder.channelRead(MessageToMessageDecoder.java:102)\n\tat io.netty.channel.AbstractChannelHandlerContext.invokeChannelRead(AbstractChannelHandlerContext.java:366)\n\tat io.netty.channel.AbstractChannelHandlerContext.invokeChannelRead(AbstractChannelHandlerContext.java:352)\n\tat io.netty.channel.AbstractChannelHandlerContext.fireChannelRead(AbstractChannelHandlerContext.java:345)\n\tat io.netty.channel.CombinedChannelDuplexHandler$DelegatingChannelHandlerContext.fireChannelRead(CombinedChannelDuplexHandler.java:435)\n\tat io.netty.handler.codec.ByteToMessageDecoder.fireChannelRead(ByteToMessageDecoder.java:293)\n\tat io.netty.handler.codec.ByteToMessageDecoder.channelRead(ByteToMessageDecoder.java:267)\n\tat io.netty.channel.CombinedChannelDuplexHandler.channelRead(CombinedChannelDuplexHandler.java:250)\n\tat io.netty.channel.AbstractChannelHandlerContext.invokeChannelRead(AbstractChannelHandlerContext.java:366)\n\tat io.netty.channel.AbstractChannelHandlerContext.invokeChannelRead(AbstractChannelHandlerContext.java:352)\n\tat io.netty.channel.AbstractChannelHandlerContext.fireChannelRead(AbstractChannelHandlerContext.java:345)\n\tat io.netty.handler.timeout.IdleStateHandler.channelRead(IdleStateHandler.java:266)\n\tat io.netty.channel.AbstractChannelHandlerContext.invokeChannelRead(AbstractChannelHandlerContext.java:366)\n\tat io.netty.channel.AbstractChannelHandlerContext.invokeChannelRead(AbstractChannelHandlerContext.java:352)\n\tat io.netty.channel.AbstractChannelHandlerContext.fireChannelRead(AbstractChannelHandlerContext.java:345)\n\tat io.netty.channel.DefaultChannelPipeline$HeadContext.channelRead(DefaultChannelPipeline.java:1294)\n\tat io.netty.channel.AbstractChannelHandlerContext.invokeChannelRead(AbstractChannelHandlerContext.java:366)\n\tat io.netty.channel.AbstractChannelHandlerContext.invokeChannelRead(AbstractChannelHandlerContext.java:352)\n\tat io.netty.channel.DefaultChannelPipeline.fireChannelRead(DefaultChannelPipeline.java:911)\n\tat io.netty.channel.nio.AbstractNioByteChannel$NioByteUnsafe.read(AbstractNioByteChannel.java:131)\n\tat io.netty.channel.nio.NioEventLoop.processSelectedKey(NioEventLoop.java:611)\n\tat io.netty.channel.nio.NioEventLoop.processSelectedKeysOptimized(NioEventLoop.java:552)\n\tat io.netty.channel.nio.NioEventLoop.processSelectedKeys(NioEventLoop.java:466)\n\tat io.netty.channel.nio.NioEventLoop.run(NioEventLoop.java:438)\n\tat io.netty.util.concurrent.SingleThreadEventExecutor$2.run(SingleThreadEventExecutor.java:140)\n\tat io.netty.util.concurrent.DefaultThreadFactory$DefaultRunnableDecorator.run(DefaultThreadFactory.java:144)\n\tat java.lang.Thread.run(Thread.java:764)\n"}}
05-18 14:10:15.337   669   814 D BroadcastQueue: Add broadcast <BroadcastRecord{6499866 u-1 com.android.server.action.NETWORK_STATS_UPDATED}> into [parallel | background], pending size 0
05-18 14:10:15.337   669   683 D BroadcastQueue: Done with parallel broadcast [background] [BroadcastRecord{6499866 u-1 com.android.server.action.NETWORK_STATS_UPDATED}]
05-18 14:10:19.395  1203  1441 W ContextImpl: Implicit intents with startService are not safe: Intent { act=com.pax.daemon.debug_status_icon } android.content.ContextWrapper.startService:662 com.pax.daemon.observer.ServerService.checkDebugStatus:1201 com.pax.daemon.observer.ServerService.-wrap1:0 
05-18 14:10:21.894   296   444 D ENGPC   : parse_event: event { 'change', '/devices/platform/battery/power_supply/battery', 'power_supply', '' }
05-18 14:10:21.895   296   444 D ENGPC   : parse_event: event { 'change', '/devices/platform/battery/power_supply/battery', 'power_supply', '' }
05-18 14:10:21.903   669   669 D BroadcastQueue: Add broadcast <BroadcastRecord{ea927a7 u-1 android.intent.action.BATTERY_CHANGED}> into [parallel | background], pending size 0
05-18 14:10:21.909   669   683 D BroadcastQueue: Done with parallel broadcast [background] [BroadcastRecord{ea927a7 u-1 android.intent.action.BATTERY_CHANGED}]
