01-01 03:13:50.534   243   243 I auditd  : avc:  denied  { find } for interface=android.hardware.configstore::ISurfaceFlingerConfigs sid=u:r:hal_graphics_composer_default:s0 pid=279 scontext=u:r:hal_graphics_composer_default:s0 tcontext=u:object_r:hal_configstore_ISurfaceFlingerConfigs:s0 tclass=hwservice_manager permissive=0
01-01 03:13:52.699   429   429 I auditd  : type=1400 audit(0.0:5): avc: denied { entrypoint } for comm="vold" path="/vendor/bin/fsck.f2fs" dev="dm-1" ino=79 scontext=u:r:fsck:s0 tcontext=u:object_r:fsmgr_exec:s0 tclass=file permissive=0
01-01 03:14:00.739   695   695 I auditd  : type=1400 audit(0.0:8): avc: denied { write } for comm="mknod" name="block" dev="tmpfs" ino=9552 scontext=u:r:systoold:s0 tcontext=u:object_r:block_device:s0 tclass=dir permissive=1
01-01 03:14:00.749   695   695 I auditd  : type=1400 audit(0.0:9): avc: denied { add_name } for comm="mknod" name="loop8" scontext=u:r:systoold:s0 tcontext=u:object_r:block_device:s0 tclass=dir permissive=1
01-01 03:14:00.749   695   695 I auditd  : type=1400 audit(0.0:10): avc: denied { create } for comm="mknod" name="loop8" scontext=u:r:systoold:s0 tcontext=u:object_r:block_device:s0 tclass=blk_file permissive=1
01-01 03:14:00.769   699   699 I auditd  : type=1400 audit(0.0:11): avc: denied { read write } for comm="losetup" name="loop8" dev="tmpfs" ino=14533 scontext=u:r:systoold:s0 tcontext=u:object_r:block_device:s0 tclass=blk_file permissive=1
01-01 03:14:00.769   699   699 I auditd  : type=1400 audit(0.0:12): avc: denied { open } for comm="losetup" path="/dev/block/loop8" dev="tmpfs" ino=14533 scontext=u:r:systoold:s0 tcontext=u:object_r:block_device:s0 tclass=blk_file permissive=1
01-01 03:14:00.779   699   699 I auditd  : type=1400 audit(0.0:13): avc: denied { ioctl } for comm="losetup" path="/dev/block/loop8" dev="tmpfs" ino=14533 ioctlcmd=4c05 scontext=u:r:systoold:s0 tcontext=u:object_r:block_device:s0 tclass=blk_file permissive=1
01-01 03:14:01.589   760   760 I auditd  : type=1400 audit(0.0:14): avc: denied { write } for comm="rm" name="tmp" dev="dm-2" ino=48 scontext=u:r:systoold:s0 tcontext=u:object_r:shell_data_file:s0 tclass=dir permissive=1
01-01 03:14:01.649   760   760 I auditd  : type=1400 audit(0.0:15): avc: denied { getattr } for comm="rm" path="/data/local/tmp/dalvik-cache/arm/system@framework@boot.oat" dev="dm-2" ino=10745 scontext=u:r:systoold:s0 tcontext=u:object_r:shell_data_file:s0 tclass=lnk_file permissive=1
01-01 03:14:01.649   760   760 I auditd  : type=1400 audit(0.0:16): avc: denied { read } for comm="rm" name="system@framework@boot.oat" dev="dm-2" ino=10745 scontext=u:r:systoold:s0 tcontext=u:object_r:shell_data_file:s0 tclass=lnk_file permissive=1
01-01 03:14:01.649   760   760 I auditd  : type=1400 audit(0.0:17): avc: denied { remove_name } for comm="rm" name="system@framework@boot.oat" dev="dm-2" ino=10745 scontext=u:r:systoold:s0 tcontext=u:object_r:shell_data_file:s0 tclass=dir permissive=1
01-01 03:14:01.649   760   760 I auditd  : type=1400 audit(0.0:18): avc: denied { unlink } for comm="rm" name="system@framework@boot.oat" dev="dm-2" ino=10745 scontext=u:r:systoold:s0 tcontext=u:object_r:shell_data_file:s0 tclass=lnk_file permissive=1
01-01 03:14:01.659   760   760 I auditd  : type=1400 audit(0.0:19): avc: denied { unlink } for comm="rm" name="system@framework@boot.art" dev="dm-2" ino=10807 scontext=u:r:systoold:s0 tcontext=u:object_r:shell_data_file:s0 tclass=file permissive=1
01-01 03:14:01.669   760   760 I auditd  : type=1400 audit(0.0:20): avc: denied { rmdir } for comm="rm" name="arm" dev="dm-2" ino=10740 scontext=u:r:systoold:s0 tcontext=u:object_r:shell_data_file:s0 tclass=dir permissive=1
01-01 03:14:07.384   669   683 I am_wtf  : [0,669,system_server,-1,PackageManager,Signature|privileged permissions not in privapp-permissions whitelist: {com.zebra.sdl: android.permission.MOUNT_UNMOUNT_FILESYSTEMS, com.pax.CustomerRes: android.permission.MOUNT_UNMOUNT_FILESYSTEMS, com.zebra.sdl: android.permission.LOCAL_MAC_ADDRESS, com.pax.CustomerRes: android.permission.SET_TIME_ZONE}]
01-01 03:14:08.529   287   287 I auditd  : type=1400 audit(0.0:21): avc: denied { search } for comm="android.hardwar" name="/" dev="mmcblk0p1" ino=2 scontext=u:r:hal_wifi_default:s0 tcontext=u:object_r:prod_file:s0 tclass=dir permissive=0
01-01 03:14:16.239  1228  1228 I auditd  : type=1400 audit(0.0:22): avc: denied { ioctl } for comm="droid.osmanager" path="/data/resource/internal/packages_hash.db" dev="dm-2" ino=1565 ioctlcmd=f50c scontext=u:r:system_app:s0 tcontext=u:object_r:paxdroid_share_file:s0 tclass=file permissive=0
05-18 09:34:00.995  1471  1471 I auditd  : type=1400 audit(0.0:23): avc: denied { ioctl } for comm="dhcp6c" path="socket:[20023]" dev="sockfs" ino=20023 ioctlcmd=8927 scontext=u:r:dhcp6c:s0 tcontext=u:r:dhcp6c:s0 tclass=udp_socket permissive=0
05-18 09:34:00.995  1471  1471 I auditd  : type=1400 audit(0.0:35): avc: denied { ioctl } for comm="dhcp6c" path="socket:[20023]" dev="sockfs" ino=20023 ioctlcmd=8927 scontext=u:r:dhcp6c:s0 tcontext=u:r:dhcp6c:s0 tclass=udp_socket permissive=0
05-18 09:34:01.940   669  1291 I am_broadcast_discard_app: [0,124143975,paydroid.intent.action.BOOT_COMPLETED,1,ResolveInfo{eb86bf9 com.pax.ft/.ui.BootBroadcastReceiver m=0x108000}]
05-18 09:34:02.445   463   463 I auditd  : type=1400 audit(0.0:36): avc: denied { read } for comm="C3Dev-2-ReqQueu" name="libbase.so" dev="dm-1" ino=684 scontext=u:r:cameraserver:s0 tcontext=u:object_r:vendor_file:s0 tclass=file permissive=0
05-18 09:34:02.455   463   463 I auditd  : type=1400 audit(0.0:37): avc: denied { read } for comm="C3Dev-2-ReqQueu" name="libhidlbase.so" dev="dm-1" ino=725 scontext=u:r:cameraserver:s0 tcontext=u:object_r:vendor_file:s0 tclass=file permissive=0
05-18 09:34:02.455   463   463 I auditd  : type=1400 audit(0.0:38): avc: denied { read } for comm="C3Dev-2-ReqQueu" name="libhidltransport.so" dev="dm-1" ino=727 scontext=u:r:cameraserver:s0 tcontext=u:object_r:vendor_file:s0 tclass=file permissive=0
05-18 09:34:02.565   458   458 I auditd  : type=1400 audit(0.0:39): avc: denied { read } for comm="Binder:458_1" name="exe" dev="proc" ino=20191 scontext=u:r:systoold:s0 tcontext=u:r:system_server:s0 tclass=lnk_file permissive=1
05-18 09:34:04.075   458   458 I auditd  : type=1400 audit(0.0:40): avc: denied { read } for comm="systool_server" name="exe" dev="proc" ino=20191 scontext=u:r:systoold:s0 tcontext=u:r:system_server:s0 tclass=lnk_file permissive=1
05-18 09:34:07.930   669  1291 I am_broadcast_discard_app: [0,178465062,android.intent.action.BOOT_COMPLETED,12,ResolveInfo{4e66235 com.pax.ft/.ui.BootBroadcastReceiver m=0x108000}]
05-18 09:34:21.241   669  1264 I am_broadcast_discard_app: [0,209208317,paydroid.intent.action.PREINSTALL_APK_BOOT_COMPLETED,0,ResolveInfo{69a38f2 com.pax.ft/.ui.BootBroadcastReceiver m=0x108000}]
05-18 09:34:44.905   242   242 I auditd  : avc:  denied  { find } for service=meminfo pid=2211 uid=0 scontext=u:r:systoold:s0 tcontext=u:object_r:meminfo_service:s0 tclass=service_manager permissive=1
05-18 09:35:33.238   881   881 I sysui_action: [289,ComponentInfo{com.beytullahmarasli.paxwirelesslog/com.beytullahmarasli.paxwirelesslog.MainActivity}]
05-18 09:35:33.238   881   881 I sysui_multi_action: [757,289,758,4,806,ComponentInfo{com.beytullahmarasli.paxwirelesslog/com.beytullahmarasli.paxwirelesslog.MainActivity}]
05-18 09:35:34.605   881   881 I sysui_action: [289,ComponentInfo{com.pax.samplesalea/com.pax.samplesalea.ResultActivity}]
05-18 09:35:34.605   881   881 I sysui_multi_action: [757,289,758,4,806,ComponentInfo{com.pax.samplesalea/com.pax.samplesalea.ResultActivity}]
05-18 09:35:58.030   458   458 I auditd  : type=1400 audit(0.0:41): avc: denied { read } for comm="systool_server" name="exe" dev="proc" ino=20191 scontext=u:r:systoold:s0 tcontext=u:r:system_server:s0 tclass=lnk_file permissive=1
05-18 10:36:17.560   486   486 I auditd  : type=1400 audit(0.0:42): avc: denied { write } for comm="libgps_daemon" name="property_service" dev="tmpfs" ino=5198 scontext=u:r:hal_gnss_ext_default:s0 tcontext=u:object_r:property_socket:s0 tclass=sock_file permissive=0
05-18 10:36:42.230   473   473 I auditd  : type=1400 audit(0.0:43): avc: denied { read } for comm="CodecLooper" name="libbase.so" dev="dm-1" ino=684 scontext=u:r:mediaserver:s0 tcontext=u:object_r:vendor_file:s0 tclass=file permissive=0
05-18 10:36:42.240   473   473 I auditd  : type=1400 audit(0.0:44): avc: denied { read } for comm="CodecLooper" name="libhidlbase.so" dev="dm-1" ino=725 scontext=u:r:mediaserver:s0 tcontext=u:object_r:vendor_file:s0 tclass=file permissive=0
05-18 10:36:42.240   473   473 I auditd  : type=1400 audit(0.0:45): avc: denied { read } for comm="CodecLooper" name="libhidltransport.so" dev="dm-1" ino=727 scontext=u:r:mediaserver:s0 tcontext=u:object_r:vendor_file:s0 tclass=file permissive=0
05-18 10:38:51.967   881   881 I sysui_action: [289,ComponentInfo{com.pax.samplesalea/com.pax.samplesalea.SaleActivity}]
05-18 10:38:51.967   881   881 I sysui_multi_action: [757,289,758,4,806,ComponentInfo{com.pax.samplesalea/com.pax.samplesalea.SaleActivity}]
05-18 10:38:52.584   881   881 I sysui_action: [289,ComponentInfo{com.android.settings/com.android.settings.Settings}]
05-18 10:38:52.584   881   881 I sysui_multi_action: [757,289,758,4,806,ComponentInfo{com.android.settings/com.android.settings.Settings}]
05-18 12:10:45.304   881   881 I sysui_action: [289,ComponentInfo{com.pax.samplesalea/com.pax.samplesalea.SaleActivity}]
05-18 12:10:45.304   881   881 I sysui_multi_action: [757,289,758,4,806,ComponentInfo{com.pax.samplesalea/com.pax.samplesalea.SaleActivity}]
05-18 12:12:44.080   881   881 I sysui_action: [289,ComponentInfo{com.pax.samplesalea/com.pax.samplesalea.SaleActivity}]
05-18 12:12:44.080   881   881 I sysui_multi_action: [757,289,758,4,806,ComponentInfo{com.pax.samplesalea/com.pax.samplesalea.SaleActivity}]
05-18 13:10:02.059   881   881 I sysui_action: [289,ComponentInfo{com.pax.samplesalea/com.pax.samplesalea.SaleActivity}]
05-18 13:10:02.059   881   881 I sysui_multi_action: [757,289,758,4,806,ComponentInfo{com.pax.samplesalea/com.pax.samplesalea.SaleActivity}]
05-18 13:14:40.509   881   881 I sysui_action: [289,ComponentInfo{com.pax.mainapp/com.pax.mainapp.ManagerActivity}]
05-18 13:14:40.510   881   881 I sysui_multi_action: [757,289,758,4,806,ComponentInfo{com.pax.mainapp/com.pax.mainapp.ManagerActivity}]
05-18 13:14:41.744   881   881 I sysui_action: [289,ComponentInfo{com.pax.samplesalea/com.pax.samplesalea.SaleActivity}]
05-18 13:14:41.744   881   881 I sysui_multi_action: [757,289,758,4,806,ComponentInfo{com.pax.samplesalea/com.pax.samplesalea.SaleActivity}]
05-18 13:14:59.640   458   458 I auditd  : type=1400 audit(0.0:46): avc: denied { read } for comm="Binder:458_2" name="exe" dev="proc" ino=94963 scontext=u:r:systoold:s0 tcontext=u:r:system_server:s0 tclass=lnk_file permissive=1
05-18 13:15:04.390   458   458 I auditd  : type=1400 audit(0.0:47): avc: denied { read } for comm="Binder:458_2" name="exe" dev="proc" ino=94963 scontext=u:r:systoold:s0 tcontext=u:r:system_server:s0 tclass=lnk_file permissive=1
05-18 13:46:00.720   458   458 I auditd  : type=1400 audit(0.0:48): avc: denied { read } for comm="Binder:458_2" name="exe" dev="proc" ino=94963 scontext=u:r:systoold:s0 tcontext=u:r:system_server:s0 tclass=lnk_file permissive=1
05-18 13:46:06.300   486   486 I auditd  : type=1400 audit(0.0:49): avc: denied { write } for comm="libgps_daemon" name="property_service" dev="tmpfs" ino=5198 scontext=u:r:hal_gnss_ext_default:s0 tcontext=u:object_r:property_socket:s0 tclass=sock_file permissive=0
05-18 13:46:17.230   458   458 I auditd  : type=1400 audit(0.0:50): avc: denied { read } for comm="Binder:458_2" name="exe" dev="proc" ino=94963 scontext=u:r:systoold:s0 tcontext=u:r:system_server:s0 tclass=lnk_file permissive=1
05-18 13:52:43.311   853   935 D RILJ    : [3754]< OPERATOR {TURKCELL, TURKCELL, 28601} [SUB0]
05-18 13:52:43.312   853   935 D RilRequest: [3758]< OPERATOR error: com.android.internal.telephony.CommandException: RADIO_NOT_AVAILABLE ret={, , }
05-18 13:52:43.314   853   935 D RILJ    : [3755]< DATA_REGISTRATION_STATE {.regState = NOT_REG_MT_NOT_SEARCHING_OP_EM, .rat = 11, .reasonDataDenied = -1, .maxDataCalls = 3, .cellIdentity = {.cellInfoType = WCDMA, .cellIdentityGsm = [], .cellIdentityWcdma = [{.mcc = -1, .mnc = -1, .lac = 257, .cid = 157436644, .psc = -1, .uarfcn = -1}], .cellIdentityCdma = [], .cellIdentityLte = [], .cellIdentityTdscdma = []}} [SUB0]
05-18 13:52:43.315   853   935 D RilRequest: [3759]< DATA_REGISTRATION_STATE error: com.android.internal.telephony.CommandException: RADIO_NOT_AVAILABLE ret={.regState = NOT_REG_MT_NOT_SEARCHING_OP, .rat = 0, .reasonDataDenied = 0, .maxDataCalls = 0, .cellIdentity = {.cellInfoType = NONE, .cellIdentityGsm = [], .cellIdentityWcdma = [], .cellIdentityCdma = [], .cellIdentityLte = [], .cellIdentityTdscdma = []}}
05-18 13:52:43.316   853   935 D RILJ    : [3756]< VOICE_REGISTRATION_STATE {.regState = NOT_REG_MT_NOT_SEARCHING_OP_EM, .rat = 11, .cssSupported = false, .roamingIndicator = -1, .systemIsInPrl = 0, .defaultRoamingIndicator = 0, .reasonForDenial = 0, .cellIdentity = {.cellInfoType = WCDMA, .cellIdentityGsm = [], .cellIdentityWcdma = [{.mcc = -1, .mnc = -1, .lac = 60334, .cid = 157436644, .psc = -1, .uarfcn = -1}], .cellIdentityCdma = [], .cellIdentityLte = [], .cellIdentityTdscdma = []}} [SUB0]
05-18 13:52:43.319   853   935 D RilRequest: [3760]< VOICE_REGISTRATION_STATE error: com.android.internal.telephony.CommandException: RADIO_NOT_AVAILABLE ret={.regState = NOT_REG_MT_NOT_SEARCHING_OP, .rat = 0, .cssSupported = false, .roamingIndicator = 0, .systemIsInPrl = 0, .defaultRoamingIndicator = 0, .reasonForDenial = 0, .cellIdentity = {.cellInfoType = NONE, .cellIdentityGsm = [], .cellIdentityWcdma = [], .cellIdentityCdma = [], .cellIdentityLte = [], .cellIdentityTdscdma = []}}
05-18 13:52:43.320   853   935 D RILJ    : [3757]< QUERY_NETWORK_SELECTION_MODE {0} [SUB0]
05-18 13:52:43.321   853   935 D RILJ    : [3761]< QUERY_NETWORK_SELECTION_MODE {0} [SUB1]
05-18 13:52:43.323   853   853 D SST     : Poll ServiceState done:  oldSS=[{mVoiceRegState=1(OUT_OF_SERVICE), mDataRegState=1(OUT_OF_SERVICE), mVoiceRoamingType=home, mDataRoamingType=home, mVoiceOperatorAlphaLong=TURKCELL, mVoiceOperatorAlphaShort=TURKCELL, mDataOperatorAlphaLong=TURKCELL, mDataOperatorAlphaShort=TURKCELL, isManualNetworkSelection=false(automatic), mRilVoiceRadioTechnology=11(HSPA), mRilDataRadioTechnology=11(HSPA), mCssIndicator=unsupported, mNetworkId=-1, mSystemId=-1, mCdmaRoamingIndicator=-1, mCdmaDefaultRoamingIndicator=-1, mIsEmergencyOnly=true, mIsDataRoamingFromRegistration=false, mIsUsingCarrierAggregation=false, mLteEarfcnRsrpBoost=0}] newSS=[{mVoiceRegState=1(OUT_OF_SERVICE), mDataRegState=1(OUT_OF_SERVICE), mVoiceRoamingType=home, mDataRoamingType=home, mVoiceOperatorAlphaLong=TURKCELL, mVoiceOperatorAlphaShort=TURKCELL, mDataOperatorAlphaLong=TURKCELL, mDataOperatorAlphaShort=TURKCELL, isManualNetworkSelection=false(automatic), mRilVoiceRadioTechnology=11(HSPA), mRilDataRadioTechnology=11(HSPA), mCssIndicator=unsupported, mNetworkId=-1, mSystemId=-1, mCdmaRoamingIndicator=-1, mCdmaDefaultRoamingIndicator=-1, mIsEmergencyOnly=true, mIsDataRoamingFromRegistration=false, mIsUsingCarrierAggregation=false, mLteEarfcnRsrpBoost=0}] oldMaxDataCalls=3 mNewMaxDataCalls=3 oldReasonDataDenied=-1 mNewReasonDataDenied=-1
05-18 14:03:49.856   881   881 I sysui_action: [289,ComponentInfo{com.pax.samplesalea/com.pax.samplesalea.SaleActivity}]
05-18 14:03:49.856   881   881 I sysui_multi_action: [757,289,758,4,806,ComponentInfo{com.pax.samplesalea/com.pax.samplesalea.SaleActivity}]
05-18 14:10:46.616   853   935 D RILJ    : [3762]< OPERATOR {TURKCELL, TURKCELL, 28601} [SUB0]
05-18 14:10:46.618   853   935 D RILJ    : [3763]< DATA_REGISTRATION_STATE {.regState = NOT_REG_MT_NOT_SEARCHING_OP_EM, .rat = 11, .reasonDataDenied = -1, .maxDataCalls = 3, .cellIdentity = {.cellInfoType = WCDMA, .cellIdentityGsm = [], .cellIdentityWcdma = [{.mcc = -1, .mnc = -1, .lac = 257, .cid = 157446706, .psc = -1, .uarfcn = -1}], .cellIdentityCdma = [], .cellIdentityLte = [], .cellIdentityTdscdma = []}} [SUB0]
05-18 14:10:46.620   853   935 D RILJ    : [3764]< VOICE_REGISTRATION_STATE {.regState = NOT_REG_MT_NOT_SEARCHING_OP_EM, .rat = 11, .cssSupported = false, .roamingIndicator = -1, .systemIsInPrl = 0, .defaultRoamingIndicator = 0, .reasonForDenial = 0, .cellIdentity = {.cellInfoType = WCDMA, .cellIdentityGsm = [], .cellIdentityWcdma = [{.mcc = -1, .mnc = -1, .lac = 60334, .cid = 157446706, .psc = -1, .uarfcn = -1}], .cellIdentityCdma = [], .cellIdentityLte = [], .cellIdentityTdscdma = []}} [SUB0]
05-18 14:10:46.621   853   935 D RILJ    : [3765]< QUERY_NETWORK_SELECTION_MODE {0} [SUB0]
05-18 14:10:46.622   853   935 D RILJ    : [3766]< OPERATOR {TURKCELL, TURKCELL, 28601} [SUB0]
05-18 14:10:46.624   853   935 D RILJ    : [3767]< DATA_REGISTRATION_STATE {.regState = NOT_REG_MT_NOT_SEARCHING_OP_EM, .rat = 11, .reasonDataDenied = -1, .maxDataCalls = 3, .cellIdentity = {.cellInfoType = WCDMA, .cellIdentityGsm = [], .cellIdentityWcdma = [{.mcc = -1, .mnc = -1, .lac = 257, .cid = 157446706, .psc = -1, .uarfcn = -1}], .cellIdentityCdma = [], .cellIdentityLte = [], .cellIdentityTdscdma = []}} [SUB0]
05-18 14:10:46.625   853   935 D RILJ    : [3768]< VOICE_REGISTRATION_STATE {.regState = NOT_REG_MT_NOT_SEARCHING_OP_EM, .rat = 11, .cssSupported = false, .roamingIndicator = -1, .systemIsInPrl = 0, .defaultRoamingIndicator = 0, .reasonForDenial = 0, .cellIdentity = {.cellInfoType = WCDMA, .cellIdentityGsm = [], .cellIdentityWcdma = [{.mcc = -1, .mnc = -1, .lac = 60334, .cid = 157446706, .psc = -1, .uarfcn = -1}], .cellIdentityCdma = [], .cellIdentityLte = [], .cellIdentityTdscdma = []}} [SUB0]
05-18 14:10:46.625   853   935 D RILJ    : [3769]< QUERY_NETWORK_SELECTION_MODE {0} [SUB0]
05-18 14:10:46.627   853   853 D SST     : Poll ServiceState done:  oldSS=[{mVoiceRegState=1(OUT_OF_SERVICE), mDataRegState=1(OUT_OF_SERVICE), mVoiceRoamingType=home, mDataRoamingType=home, mVoiceOperatorAlphaLong=TURKCELL, mVoiceOperatorAlphaShort=TURKCELL, mDataOperatorAlphaLong=TURKCELL, mDataOperatorAlphaShort=TURKCELL, isManualNetworkSelection=false(automatic), mRilVoiceRadioTechnology=11(HSPA), mRilDataRadioTechnology=11(HSPA), mCssIndicator=unsupported, mNetworkId=-1, mSystemId=-1, mCdmaRoamingIndicator=-1, mCdmaDefaultRoamingIndicator=-1, mIsEmergencyOnly=true, mIsDataRoamingFromRegistration=false, mIsUsingCarrierAggregation=false, mLteEarfcnRsrpBoost=0}] newSS=[{mVoiceRegState=1(OUT_OF_SERVICE), mDataRegState=1(OUT_OF_SERVICE), mVoiceRoamingType=home, mDataRoamingType=home, mVoiceOperatorAlphaLong=TURKCELL, mVoiceOperatorAlphaShort=TURKCELL, mDataOperatorAlphaLong=TURKCELL, mDataOperatorAlphaShort=TURKCELL, isManualNetworkSelection=false(automatic), mRilVoiceRadioTechnology=11(HSPA), mRilDataRadioTechnology=11(HSPA), mCssIndicator=unsupported, mNetworkId=-1, mSystemId=-1, mCdmaRoamingIndicator=-1, mCdmaDefaultRoamingIndicator=-1, mIsEmergencyOnly=true, mIsDataRoamingFromRegistration=false, mIsUsingCarrierAggregation=false, mLteEarfcnRsrpBoost=0}] oldMaxDataCalls=3 mNewMaxDataCalls=3 oldReasonDataDenied=-1 mNewReasonDataDenied=-1
05-18 14:13:05.092   853   935 D RILJ    : [3770]< OPERATOR {TURKCELL, TURKCELL, 28601} [SUB0]
05-18 14:13:05.094   853   935 D RILJ    : [3771]< DATA_REGISTRATION_STATE {.regState = NOT_REG_MT_NOT_SEARCHING_OP_EM, .rat = 11, .reasonDataDenied = -1, .maxDataCalls = 3, .cellIdentity = {.cellInfoType = WCDMA, .cellIdentityGsm = [], .cellIdentityWcdma = [{.mcc = -1, .mnc = -1, .lac = 257, .cid = 157421557, .psc = -1, .uarfcn = -1}], .cellIdentityCdma = [], .cellIdentityLte = [], .cellIdentityTdscdma = []}} [SUB0]
05-18 14:13:05.095   853   935 D RILJ    : [3772]< VOICE_REGISTRATION_STATE {.regState = NOT_REG_MT_NOT_SEARCHING_OP_EM, .rat = 11, .cssSupported = false, .roamingIndicator = -1, .systemIsInPrl = 0, .defaultRoamingIndicator = 0, .reasonForDenial = 0, .cellIdentity = {.cellInfoType = WCDMA, .cellIdentityGsm = [], .cellIdentityWcdma = [{.mcc = -1, .mnc = -1, .lac = 60334, .cid = 157421557, .psc = -1, .uarfcn = -1}], .cellIdentityCdma = [], .cellIdentityLte = [], .cellIdentityTdscdma = []}} [SUB0]
05-18 14:13:05.096   853   935 D RILJ    : [3773]< QUERY_NETWORK_SELECTION_MODE {0} [SUB0]
05-18 14:13:05.097   853   935 D RILJ    : [3774]< OPERATOR {TURKCELL, TURKCELL, 28601} [SUB0]
05-18 14:13:05.098   853   935 D RILJ    : [3775]< DATA_REGISTRATION_STATE {.regState = NOT_REG_MT_NOT_SEARCHING_OP_EM, .rat = 11, .reasonDataDenied = -1, .maxDataCalls = 3, .cellIdentity = {.cellInfoType = WCDMA, .cellIdentityGsm = [], .cellIdentityWcdma = [{.mcc = -1, .mnc = -1, .lac = 257, .cid = 157421557, .psc = -1, .uarfcn = -1}], .cellIdentityCdma = [], .cellIdentityLte = [], .cellIdentityTdscdma = []}} [SUB0]
05-18 14:13:05.099   853   935 D RILJ    : [3776]< VOICE_REGISTRATION_STATE {.regState = NOT_REG_MT_NOT_SEARCHING_OP_EM, .rat = 11, .cssSupported = false, .roamingIndicator = -1, .systemIsInPrl = 0, .defaultRoamingIndicator = 0, .reasonForDenial = 0, .cellIdentity = {.cellInfoType = WCDMA, .cellIdentityGsm = [], .cellIdentityWcdma = [{.mcc = -1, .mnc = -1, .lac = 60334, .cid = 157421557, .psc = -1, .uarfcn = -1}], .cellIdentityCdma = [], .cellIdentityLte = [], .cellIdentityTdscdma = []}} [SUB0]
05-18 14:13:05.100   853   935 D RILJ    : [3777]< QUERY_NETWORK_SELECTION_MODE {0} [SUB0]
05-18 14:13:05.101   853   853 D SST     : Poll ServiceState done:  oldSS=[{mVoiceRegState=1(OUT_OF_SERVICE), mDataRegState=1(OUT_OF_SERVICE), mVoiceRoamingType=home, mDataRoamingType=home, mVoiceOperatorAlphaLong=TURKCELL, mVoiceOperatorAlphaShort=TURKCELL, mDataOperatorAlphaLong=TURKCELL, mDataOperatorAlphaShort=TURKCELL, isManualNetworkSelection=false(automatic), mRilVoiceRadioTechnology=11(HSPA), mRilDataRadioTechnology=11(HSPA), mCssIndicator=unsupported, mNetworkId=-1, mSystemId=-1, mCdmaRoamingIndicator=-1, mCdmaDefaultRoamingIndicator=-1, mIsEmergencyOnly=true, mIsDataRoamingFromRegistration=false, mIsUsingCarrierAggregation=false, mLteEarfcnRsrpBoost=0}] newSS=[{mVoiceRegState=1(OUT_OF_SERVICE), mDataRegState=1(OUT_OF_SERVICE), mVoiceRoamingType=home, mDataRoamingType=home, mVoiceOperatorAlphaLong=TURKCELL, mVoiceOperatorAlphaShort=TURKCELL, mDataOperatorAlphaLong=TURKCELL, mDataOperatorAlphaShort=TURKCELL, isManualNetworkSelection=false(automatic), mRilVoiceRadioTechnology=11(HSPA), mRilDataRadioTechnology=11(HSPA), mCssIndicator=unsupported, mNetworkId=-1, mSystemId=-1, mCdmaRoamingIndicator=-1, mCdmaDefaultRoamingIndicator=-1, mIsEmergencyOnly=true, mIsDataRoamingFromRegistration=false, mIsUsingCarrierAggregation=false, mLteEarfcnRsrpBoost=0}] oldMaxDataCalls=3 mNewMaxDataCalls=3 oldReasonDataDenied=-1 mNewReasonDataDenied=-1
05-18 14:28:44.223   853   935 D RILJ    : [3778]< OPERATOR {TURKCELL, TURKCELL, 28601} [SUB0]
05-18 14:28:44.225   853   935 D RILJ    : [3779]< DATA_REGISTRATION_STATE {.regState = NOT_REG_MT_NOT_SEARCHING_OP_EM, .rat = 11, .reasonDataDenied = -1, .maxDataCalls = 3, .cellIdentity = {.cellInfoType = WCDMA, .cellIdentityGsm = [], .cellIdentityWcdma = [{.mcc = -1, .mnc = -1, .lac = 257, .cid = 157456452, .psc = -1, .uarfcn = -1}], .cellIdentityCdma = [], .cellIdentityLte = [], .cellIdentityTdscdma = []}} [SUB0]
05-18 14:28:44.227   853   935 D RILJ    : [3780]< VOICE_REGISTRATION_STATE {.regState = NOT_REG_MT_NOT_SEARCHING_OP_EM, .rat = 11, .cssSupported = false, .roamingIndicator = -1, .systemIsInPrl = 0, .defaultRoamingIndicator = 0, .reasonForDenial = 0, .cellIdentity = {.cellInfoType = WCDMA, .cellIdentityGsm = [], .cellIdentityWcdma = [{.mcc = -1, .mnc = -1, .lac = 60334, .cid = 157456452, .psc = -1, .uarfcn = -1}], .cellIdentityCdma = [], .cellIdentityLte = [], .cellIdentityTdscdma = []}} [SUB0]
05-18 14:28:44.228   853   935 D RILJ    : [3781]< QUERY_NETWORK_SELECTION_MODE {0} [SUB0]
05-18 14:28:44.230   853   935 D RILJ    : [3782]< OPERATOR {TURKCELL, TURKCELL, 28601} [SUB0]
05-18 14:28:44.233   853   935 D RILJ    : [3783]< DATA_REGISTRATION_STATE {.regState = NOT_REG_MT_NOT_SEARCHING_OP_EM, .rat = 11, .reasonDataDenied = -1, .maxDataCalls = 3, .cellIdentity = {.cellInfoType = WCDMA, .cellIdentityGsm = [], .cellIdentityWcdma = [{.mcc = -1, .mnc = -1, .lac = 257, .cid = 157456452, .psc = -1, .uarfcn = -1}], .cellIdentityCdma = [], .cellIdentityLte = [], .cellIdentityTdscdma = []}} [SUB0]
05-18 14:28:44.235   853   935 D RILJ    : [3784]< VOICE_REGISTRATION_STATE {.regState = NOT_REG_MT_NOT_SEARCHING_OP_EM, .rat = 11, .cssSupported = false, .roamingIndicator = -1, .systemIsInPrl = 0, .defaultRoamingIndicator = 0, .reasonForDenial = 0, .cellIdentity = {.cellInfoType = WCDMA, .cellIdentityGsm = [], .cellIdentityWcdma = [{.mcc = -1, .mnc = -1, .lac = 60334, .cid = 157456452, .psc = -1, .uarfcn = -1}], .cellIdentityCdma = [], .cellIdentityLte = [], .cellIdentityTdscdma = []}} [SUB0]
05-18 14:28:44.235   853   935 D RILJ    : [3785]< QUERY_NETWORK_SELECTION_MODE {0} [SUB0]
05-18 14:28:44.238   853   853 D SST     : Poll ServiceState done:  oldSS=[{mVoiceRegState=1(OUT_OF_SERVICE), mDataRegState=1(OUT_OF_SERVICE), mVoiceRoamingType=home, mDataRoamingType=home, mVoiceOperatorAlphaLong=TURKCELL, mVoiceOperatorAlphaShort=TURKCELL, mDataOperatorAlphaLong=TURKCELL, mDataOperatorAlphaShort=TURKCELL, isManualNetworkSelection=false(automatic), mRilVoiceRadioTechnology=11(HSPA), mRilDataRadioTechnology=11(HSPA), mCssIndicator=unsupported, mNetworkId=-1, mSystemId=-1, mCdmaRoamingIndicator=-1, mCdmaDefaultRoamingIndicator=-1, mIsEmergencyOnly=true, mIsDataRoamingFromRegistration=false, mIsUsingCarrierAggregation=false, mLteEarfcnRsrpBoost=0}] newSS=[{mVoiceRegState=1(OUT_OF_SERVICE), mDataRegState=1(OUT_OF_SERVICE), mVoiceRoamingType=home, mDataRoamingType=home, mVoiceOperatorAlphaLong=TURKCELL, mVoiceOperatorAlphaShort=TURKCELL, mDataOperatorAlphaLong=TURKCELL, mDataOperatorAlphaShort=TURKCELL, isManualNetworkSelection=false(automatic), mRilVoiceRadioTechnology=11(HSPA), mRilDataRadioTechnology=11(HSPA), mCssIndicator=unsupported, mNetworkId=-1, mSystemId=-1, mCdmaRoamingIndicator=-1, mCdmaDefaultRoamingIndicator=-1, mIsEmergencyOnly=true, mIsDataRoamingFromRegistration=false, mIsUsingCarrierAggregation=false, mLteEarfcnRsrpBoost=0}] oldMaxDataCalls=3 mNewMaxDataCalls=3 oldReasonDataDenied=-1 mNewReasonDataDenied=-1
05-18 14:42:57.741   881   881 I sysui_action: [289,ComponentInfo{com.pax.samplesalea/com.pax.samplesalea.SaleActivity}]
05-18 14:42:57.741   881   881 I sysui_multi_action: [757,289,758,4,806,ComponentInfo{com.pax.samplesalea/com.pax.samplesalea.SaleActivity}]
05-18 14:58:19.182   881   881 I sysui_action: [289,ComponentInfo{com.pax.samplesalea/com.pax.samplesalea.SaleActivity}]
05-18 14:58:19.182   881   881 I sysui_multi_action: [757,289,758,4,806,ComponentInfo{com.pax.samplesalea/com.pax.samplesalea.SaleActivity}]
05-18 15:06:25.662   881   881 I sysui_action: [289,ComponentInfo{com.pax.samplesalea/com.pax.samplesalea.SaleActivity}]
05-18 15:06:25.662   881   881 I sysui_multi_action: [757,289,758,4,806,ComponentInfo{com.pax.samplesalea/com.pax.samplesalea.SaleActivity}]
05-18 15:06:26.200   458   458 I auditd  : type=1400 audit(0.0:51): avc: denied { read } for comm="Binder:458_2" name="exe" dev="proc" ino=94963 scontext=u:r:systoold:s0 tcontext=u:r:system_server:s0 tclass=lnk_file permissive=1
05-18 15:06:26.740   458   458 I auditd  : type=1400 audit(0.0:52): avc: denied { read } for comm="Binder:458_2" name="exe" dev="proc" ino=94963 scontext=u:r:systoold:s0 tcontext=u:r:system_server:s0 tclass=lnk_file permissive=1
05-18 15:06:36.240   486   486 I auditd  : type=1400 audit(0.0:53): avc: denied { write } for comm="libgps_daemon" name="property_service" dev="tmpfs" ino=5198 scontext=u:r:hal_gnss_ext_default:s0 tcontext=u:object_r:property_socket:s0 tclass=sock_file permissive=0
05-18 15:06:37.640   458   458 I auditd  : type=1400 audit(0.0:54): avc: denied { read } for comm="Binder:458_2" name="exe" dev="proc" ino=94963 scontext=u:r:systoold:s0 tcontext=u:r:system_server:s0 tclass=lnk_file permissive=1
05-18 15:06:41.730   458   458 I auditd  : type=1400 audit(0.0:55): avc: denied { read } for comm="Binder:458_2" name="exe" dev="proc" ino=94963 scontext=u:r:systoold:s0 tcontext=u:r:system_server:s0 tclass=lnk_file permissive=1
05-18 15:10:26.363   881   881 I sysui_action: [289,ComponentInfo{com.pax.samplesalea/com.pax.samplesalea.SaleActivity}]
05-18 15:10:26.363   881   881 I sysui_multi_action: [757,289,758,4,806,ComponentInfo{com.pax.samplesalea/com.pax.samplesalea.SaleActivity}]
05-18 15:15:41.525   881   881 I sysui_action: [289,ComponentInfo{com.pax.samplesalea/com.pax.samplesalea.SaleActivity}]
05-18 15:15:41.525   881   881 I sysui_multi_action: [757,289,758,4,806,ComponentInfo{com.pax.samplesalea/com.pax.samplesalea.SaleActivity}]
05-18 15:15:42.251   881   881 I sysui_action: [289,ComponentInfo{com.pax.mainapp/com.pax.mainapp.ManagerActivity}]
05-18 15:15:42.251   881   881 I sysui_multi_action: [757,289,758,4,806,ComponentInfo{com.pax.mainapp/com.pax.mainapp.ManagerActivity}]
05-18 15:15:54.911   458   458 I auditd  : type=1400 audit(0.0:56): avc: denied { read } for comm="systool_server" name="exe" dev="proc" ino=162532 scontext=u:r:systoold:s0 tcontext=u:r:system_server:s0 tclass=lnk_file permissive=1
05-18 15:55:38.565   853   935 D RILJ    : [3798]< OPERATOR {TURKCELL, TURKCELL, 28601} [SUB0]
05-18 15:55:38.567   853   935 D RILJ    : [3799]< DATA_REGISTRATION_STATE {.regState = NOT_REG_MT_NOT_SEARCHING_OP_EM, .rat = 11, .reasonDataDenied = -1, .maxDataCalls = 3, .cellIdentity = {.cellInfoType = WCDMA, .cellIdentityGsm = [], .cellIdentityWcdma = [{.mcc = -1, .mnc = -1, .lac = 257, .cid = 157456452, .psc = -1, .uarfcn = -1}], .cellIdentityCdma = [], .cellIdentityLte = [], .cellIdentityTdscdma = []}} [SUB0]
05-18 15:55:38.568   853   935 D RILJ    : [3800]< VOICE_REGISTRATION_STATE {.regState = NOT_REG_MT_NOT_SEARCHING_OP_EM, .rat = 11, .cssSupported = false, .roamingIndicator = -1, .systemIsInPrl = 0, .defaultRoamingIndicator = 0, .reasonForDenial = 0, .cellIdentity = {.cellInfoType = WCDMA, .cellIdentityGsm = [], .cellIdentityWcdma = [{.mcc = -1, .mnc = -1, .lac = 60334, .cid = 157456452, .psc = -1, .uarfcn = -1}], .cellIdentityCdma = [], .cellIdentityLte = [], .cellIdentityTdscdma = []}} [SUB0]
05-18 15:55:38.568   853   935 D RILJ    : [3801]< QUERY_NETWORK_SELECTION_MODE {0} [SUB0]
05-18 15:55:38.571   853   935 D RilRequest: [3802]< OPERATOR error: com.android.internal.telephony.CommandException: RADIO_NOT_AVAILABLE ret={, , }
05-18 15:55:38.572   853   935 D RilRequest: [3803]< DATA_REGISTRATION_STATE error: com.android.internal.telephony.CommandException: RADIO_NOT_AVAILABLE ret={.regState = NOT_REG_MT_NOT_SEARCHING_OP, .rat = 0, .reasonDataDenied = 0, .maxDataCalls = 0, .cellIdentity = {.cellInfoType = NONE, .cellIdentityGsm = [], .cellIdentityWcdma = [], .cellIdentityCdma = [], .cellIdentityLte = [], .cellIdentityTdscdma = []}}
05-18 15:55:38.575   853   935 D RilRequest: [3804]< VOICE_REGISTRATION_STATE error: com.android.internal.telephony.CommandException: RADIO_NOT_AVAILABLE ret={.regState = NOT_REG_MT_NOT_SEARCHING_OP, .rat = 0, .cssSupported = false, .roamingIndicator = 0, .systemIsInPrl = 0, .defaultRoamingIndicator = 0, .reasonForDenial = 0, .cellIdentity = {.cellInfoType = NONE, .cellIdentityGsm = [], .cellIdentityWcdma = [], .cellIdentityCdma = [], .cellIdentityLte = [], .cellIdentityTdscdma = []}}
05-18 15:55:38.575   853   935 D RILJ    : [3805]< QUERY_NETWORK_SELECTION_MODE {0} [SUB1]
05-18 15:55:38.580   853   853 D SST     : Poll ServiceState done:  oldSS=[{mVoiceRegState=1(OUT_OF_SERVICE), mDataRegState=1(OUT_OF_SERVICE), mVoiceRoamingType=home, mDataRoamingType=home, mVoiceOperatorAlphaLong=TURKCELL, mVoiceOperatorAlphaShort=TURKCELL, mDataOperatorAlphaLong=TURKCELL, mDataOperatorAlphaShort=TURKCELL, isManualNetworkSelection=false(automatic), mRilVoiceRadioTechnology=11(HSPA), mRilDataRadioTechnology=11(HSPA), mCssIndicator=unsupported, mNetworkId=-1, mSystemId=-1, mCdmaRoamingIndicator=-1, mCdmaDefaultRoamingIndicator=-1, mIsEmergencyOnly=true, mIsDataRoamingFromRegistration=false, mIsUsingCarrierAggregation=false, mLteEarfcnRsrpBoost=0}] newSS=[{mVoiceRegState=1(OUT_OF_SERVICE), mDataRegState=1(OUT_OF_SERVICE), mVoiceRoamingType=home, mDataRoamingType=home, mVoiceOperatorAlphaLong=TURKCELL, mVoiceOperatorAlphaShort=TURKCELL, mDataOperatorAlphaLong=TURKCELL, mDataOperatorAlphaShort=TURKCELL, isManualNetworkSelection=false(automatic), mRilVoiceRadioTechnology=11(HSPA), mRilDataRadioTechnology=11(HSPA), mCssIndicator=unsupported, mNetworkId=-1, mSystemId=-1, mCdmaRoamingIndicator=-1, mCdmaDefaultRoamingIndicator=-1, mIsEmergencyOnly=true, mIsDataRoamingFromRegistration=false, mIsUsingCarrierAggregation=false, mLteEarfcnRsrpBoost=0}] oldMaxDataCalls=3 mNewMaxDataCalls=3 oldReasonDataDenied=-1 mNewReasonDataDenied=-1
05-18 16:00:06.888   296   444 D ENGPC   : parse_event: event { 'change', '/devices/platform/battery/power_supply/battery', 'power_supply', '' }
05-18 16:00:06.889   296   444 D ENGPC   : parse_event: event { 'change', '/devices/platform/battery/power_supply/battery', 'power_supply', '' }
05-18 16:00:06.894   669   669 D BroadcastQueue: Add broadcast <BroadcastRecord{6c123fd u-1 android.intent.action.BATTERY_CHANGED}> into [parallel | background], pending size 0
05-18 16:00:06.899   669   683 D BroadcastQueue: Done with parallel broadcast [background] [BroadcastRecord{6c123fd u-1 android.intent.action.BATTERY_CHANGED}]
05-18 16:00:09.532 19355 19364 W MessageQueue: Handler (android.os.Handler) {c50ea2f} sending message to a Handler on a dead thread
05-18 16:00:09.532 19355 19364 W MessageQueue: java.lang.IllegalStateException: Handler (android.os.Handler) {c50ea2f} sending message to a Handler on a dead thread
05-18 16:00:10.076   669   680 D BroadcastQueue: Add broadcast <BroadcastRecord{be198f2 u0 android.intent.action.PACKAGE_RESTARTED}> into [parallel | background], pending size 0
05-18 16:00:10.080   669  3306 D BroadcastQueue: Add broadcast <BroadcastRecord{8d40b43 u0 android.intent.action.PACKAGE_RESTARTED}> into [parallel | background], pending size 1
05-18 16:00:10.087   669   683 D BroadcastQueue: Done with parallel broadcast [background] [BroadcastRecord{be198f2 u0 android.intent.action.PACKAGE_RESTARTED}, BroadcastRecord{8d40b43 u0 android.intent.action.PACKAGE_RESTARTED}]
05-18 16:00:11.256   669  1042 W InstrumentationWorkaround: starting, instr not matched to packgeName com.google.android.exoplayer.gts aInfo = ApplicationInfo{68965c0 io.appium.uiautomator2.server} iInfo = InstrumentationInfo{58beab2 io.appium.uiautomator2.server.test}
05-18 16:00:11.256   669  1042 W InstrumentationWorkaround: starting, instr not matched to packgeName com.google.android.media.gts aInfo = ApplicationInfo{68965c0 io.appium.uiautomator2.server} iInfo = InstrumentationInfo{58beab2 io.appium.uiautomator2.server.test}
05-18 16:00:11.256   669  1042 W InstrumentationWorkaround: starting, instr not matched to packgeName android.jank.cts aInfo = ApplicationInfo{68965c0 io.appium.uiautomator2.server} iInfo = InstrumentationInfo{58beab2 io.appium.uiautomator2.server.test}
05-18 16:00:11.256   669  1042 W InstrumentationWorkaround: starting, instr not matched to packgeName android.openglperf.cts aInfo = ApplicationInfo{68965c0 io.appium.uiautomator2.server} iInfo = InstrumentationInfo{58beab2 io.appium.uiautomator2.server.test}
05-18 16:00:11.256   669  1042 W InstrumentationWorkaround: starting, instr not matched to packgeName android.media.cts aInfo = ApplicationInfo{68965c0 io.appium.uiautomator2.server} iInfo = InstrumentationInfo{58beab2 io.appium.uiautomator2.server.test}
05-18 16:00:11.256   669  1042 W InstrumentationWorkaround: starting, instr not matched to packgeName android.autofillservice.cts aInfo = ApplicationInfo{68965c0 io.appium.uiautomator2.server} iInfo = InstrumentationInfo{58beab2 io.appium.uiautomator2.server.test}
05-18 16:00:14.328 19393 19409 I appium  : buildConfig: {"VERSION_NAME":"9.9.0","APPLICATION_ID":"io.appium.uiautomator2.server","BUILD_TYPE":"debug","VERSION_CODE":244,"BUILD_TIME":"1764788595453","DEBUG":true,"FLAVOR":"server"}
05-18 16:00:16.571 19393 19416 I appium  : AppiumResponse: {"sessionId":"None","value":{"build":{"version":"9.9.0","versionCode":244},"message":"UiAutomator2 Server is ready to accept commands","ready":true}}
05-18 16:00:16.716 19393 19416 I appium  : Created the new session with id 97856f66-39a8-43d7-8231-c5a783c38e18 and capabilities {appPackage=com.pax.samplesalea, networkConnectionEnabled=true, disableWindowAnimation=true, noReset=true, warnings={}, databaseEnabled=false, deviceName=1852539389, fullReset=false, platform=LINUX, deviceUDID=1852539389, appActivity=com.pax.samplesalea.SaleActivity, desired={platformName=ANDROID, appActivity=com.pax.samplesalea.SaleActivity, autoGrantPermissions=true, appPackage=com.pax.samplesalea, disableWindowAnimation=true, udid=1852539389, automationName=UiAutomator2, ignoreHiddenApiPolicyError=true, noReset=true, newCommandTimeout=300.0, deviceName=PaxA920Pro, fullReset=false}, newCommandTimeout=300.0, automationName=UiAutomator2, webStorageEnabled=false, locationContextEnabled=false, autoGrantPermissions=true, takesScreenshot=true, javascriptEnabled=true, platformName=ANDROID, udid=1852539389, ignoreHiddenApiPolicyError=true}
05-18 16:00:16.852 19393 19416 I appium  : AppiumResponse: {"sessionId":"97856f66-39a8-43d7-8231-c5a783c38e18","value":2.0}
05-18 16:00:16.906 19393 19417 I appium  : AppiumResponse: {"sessionId":"97856f66-39a8-43d7-8231-c5a783c38e18","value":{"statusBar":48}}
05-18 16:00:16.928 19393 19418 I appium  : AppiumResponse: {"sessionId":"97856f66-39a8-43d7-8231-c5a783c38e18","value":{"height":1440,"width":720}}
05-18 16:00:17.263 19393 19419 I appium  : AppiumResponse: {"sessionId":"97856f66-39a8-43d7-8231-c5a783c38e18","value":{"androidId":"21c30c069584a3d5","apiVersion":"27","bluetooth":{"state":"OFF"},"brand":"PAX","carrierName":"","displayDensity":320,"locale":"tr_TR","manufacturer":"lephone","model":"A920Pro","networks":[{"capabilities":{"SSID":null,"linkDown…
05-18 16:00:17.778   669  3306 I ActivityManager: START u0 {act=android.intent.action.MAIN cat=[android.intent.category.LAUNCHER] flg=0x10200000 cmp=com.pax.samplesalea/.SaleActivity} from uid 2000, pid 19432
05-18 16:00:17.778   669  3306 I ActivityManager: ->startActivity for Intent { act=android.intent.action.MAIN cat=[android.intent.category.LAUNCHER] flg=0x10200000 cmp=com.pax.samplesalea/.SaleActivity } result:-92
05-18 16:00:18.210   669  3306 I ActivityManager: START u0 {act=android.intent.action.MAIN cat=[android.intent.category.LAUNCHER] flg=0x10200000 cmp=com.pax.samplesalea/.com.pax.samplesalea.SaleActivity} from uid 2000, pid 19436
05-18 16:00:18.210   669  3306 I ActivityManager: ->startActivity for Intent { act=android.intent.action.MAIN cat=[android.intent.category.LAUNCHER] flg=0x10200000 cmp=com.pax.samplesalea/.com.pax.samplesalea.SaleActivity } result:-92
05-18 16:00:18.269 19393 19419 I appium  : AppiumResponse: {"sessionId":"97856f66-39a8-43d7-8231-c5a783c38e18","value":null}
05-18 16:00:18.337   669  1042 W InstrumentationWorkaround: finishing, instr not matched to packgeName com.google.android.exoplayer.gts aInfo = ApplicationInfo{68965c0 io.appium.uiautomator2.server} iInfo = InstrumentationInfo{58beab2 io.appium.uiautomator2.server.test}
05-18 16:00:18.337   669  1042 W InstrumentationWorkaround: finishing, instr not matched to packgeName com.google.android.media.gts aInfo = ApplicationInfo{68965c0 io.appium.uiautomator2.server} iInfo = InstrumentationInfo{58beab2 io.appium.uiautomator2.server.test}
05-18 16:00:18.337   669  1042 W InstrumentationWorkaround: finishing, instr not matched to packgeName android.jank.cts aInfo = ApplicationInfo{68965c0 io.appium.uiautomator2.server} iInfo = InstrumentationInfo{58beab2 io.appium.uiautomator2.server.test}
05-18 16:00:18.337   669  1042 W InstrumentationWorkaround: finishing, instr not matched to packgeName android.openglperf.cts aInfo = ApplicationInfo{68965c0 io.appium.uiautomator2.server} iInfo = InstrumentationInfo{58beab2 io.appium.uiautomator2.server.test}
05-18 16:00:18.337   669  1042 W InstrumentationWorkaround: finishing, instr not matched to packgeName android.media.cts aInfo = ApplicationInfo{68965c0 io.appium.uiautomator2.server} iInfo = InstrumentationInfo{58beab2 io.appium.uiautomator2.server.test}
05-18 16:00:18.337   669  1042 W InstrumentationWorkaround: finishing, instr not matched to packgeName android.autofillservice.cts aInfo = ApplicationInfo{68965c0 io.appium.uiautomator2.server} iInfo = InstrumentationInfo{58beab2 io.appium.uiautomator2.server.test}
05-18 16:00:18.638   669 15054 D BroadcastQueue: Add broadcast <BroadcastRecord{4ae22a2 u0 android.intent.action.PACKAGE_RESTARTED}> into [parallel | background], pending size 0
05-18 16:00:18.643   669   683 D BroadcastQueue: Done with parallel broadcast [background] [BroadcastRecord{4ae22a2 u0 android.intent.action.PACKAGE_RESTARTED}]
05-18 16:00:18.648   669  3306 D BroadcastQueue: Add broadcast <BroadcastRecord{7fe4b33 u0 android.intent.action.PACKAGE_RESTARTED}> into [parallel | background], pending size 0
05-18 16:00:18.652   669   683 D BroadcastQueue: Done with parallel broadcast [background] [BroadcastRecord{7fe4b33 u0 android.intent.action.PACKAGE_RESTARTED}]
05-18 16:00:21.498  1203  1441 W ContextImpl: Implicit intents with startService are not safe: Intent { act=com.pax.daemon.debug_status_icon } android.content.ContextWrapper.startService:662 com.pax.daemon.observer.ServerService.checkDebugStatus:1201 com.pax.daemon.observer.ServerService.-wrap1:0 
05-18 16:00:21.888   296   444 D ENGPC   : parse_event: event { 'change', '/devices/platform/battery/power_supply/battery', 'power_supply', '' }
05-18 16:00:21.888   296   444 D ENGPC   : parse_event: event { 'change', '/devices/platform/battery/power_supply/battery', 'power_supply', '' }
